TEST REPORT

Laboratory:
LaunchGuard Test Laboratory

Report Number:
TR-2026-100W-001

Product:
100W USB-C Laptop Charger

Model:
LG-65W-1C

Test Standard:
EN 60335-1

Test Result:
PASS

Sample tested:
LG-65W-1C

Date:
2026-08-24

TEST DOCUMENT — NOT FOR COMMERCIAL USE